2025-06-06 19:47:32,569 - INFO - Starting verification report generation...
2025-06-06 19:47:32,650 - INFO - Loaded provenance data version: 20250606_194624
2025-06-06 19:47:32,902 - WARNING - Missing statistics in data provenance
2025-06-06 19:47:32,903 - INFO - Generating hash for data
2025-06-06 19:47:32,903 - INFO - Generated hash for None: 2460028203ad1bee65643e770efb2efb34808f240bb9fbb3e2f017e24819d0f0
2025-06-06 19:47:32,903 - INFO - Verifying component hashes...
2025-06-06 19:47:32,903 - INFO - [VERIFIER] data_info to be hashed: {'dataset': 'MNIST', 'timestamp': '20250606_194624', 'train': {'samples': 60000, 'mean': 0.13066062331199646, 'std': 0.30810776352882385, 'hash': 'ae83d4ae4417cc67a45d3c701cceb71163c4c1f73f53ea4131a1c06be9c44983', 'metadata': {'statistics': {'min': 0.0, 'max': 1.0, 'shape': [60000, 28, 28], 'dtype': 'float32'}}}, 'test': {'samples': 10000, 'hash': 'c57156d064a50cccb326ac0e96db6334bb28fc155945929d2f6057ceb880c5df', 'metadata': {'statistics': {'mean': 0.13251467049121857, 'std': 0.3104802668094635, 'min': 0.0, 'max': 1.0, 'shape': [10000, 28, 28], 'dtype': 'float32'}}}}
2025-06-06 19:47:32,903 - INFO - Generating hash for data
2025-06-06 19:47:32,903 - INFO - Generated hash for data: adb3721d7b80cc2b36bbfc34db715a37f81bc12d64c2d655860b08302549f339
2025-06-06 19:47:32,903 - INFO - [VERIFIER] data hash: adb3721d7b80cc2b36bbfc34db715a37f81bc12d64c2d655860b08302549f339
2025-06-06 19:47:32,906 - INFO - Generating hash for model
2025-06-06 19:47:33,008 - INFO - Generated hash for model: d40dba1424b9cc373de1c767713e12db329a78a9c658de22cdaa7f14d4cbe9f0
2025-06-06 19:47:33,008 - INFO - Generating hash for training
2025-06-06 19:47:33,544 - INFO - Generated hash for training: 42cf2adfd7f1b40d35228c68943177f8bebe4167c55dd2e5d9b80271050527b7
2025-06-06 19:47:33,544 - INFO - Generating hash for privacy
2025-06-06 19:47:33,544 - INFO - Generated hash for privacy: b56717edfeb3b99705c0de39de232d908b1d18793219b4b9ab6337186d97b2d8
2025-06-06 19:47:33,544 - INFO - 
Determining overall verification status...
2025-06-06 19:47:33,544 - INFO - 
data_verification:
2025-06-06 19:47:33,544 - INFO -   has_train_data: True
2025-06-06 19:47:33,544 - INFO -   has_test_data: True
2025-06-06 19:47:33,544 - INFO -   has_timestamp: True
2025-06-06 19:47:33,544 - INFO -   hash_match: False
2025-06-06 19:47:33,544 - INFO -   statistics_verified: False
2025-06-06 19:47:33,544 - INFO -   merkle_verified: False
2025-06-06 19:47:33,544 - INFO -   metadata_verified: False
2025-06-06 19:47:33,544 - INFO -   merkle_tree: None
2025-06-06 19:47:33,544 - INFO - 
model_verification:
2025-06-06 19:47:33,544 - INFO -   model_exists: True
2025-06-06 19:47:33,544 - INFO -   model_hash_match: True
2025-06-06 19:47:33,544 - INFO -   model_merkle_verified: False
2025-06-06 19:47:33,544 - INFO - 
training_verification:
2025-06-06 19:47:33,545 - INFO -   final_metrics_present: True
2025-06-06 19:47:33,545 - INFO -   training_logs_present: True
2025-06-06 19:47:33,545 - INFO -   privacy_metrics_present: True
2025-06-06 19:47:33,545 - INFO -   hash_present: False
2025-06-06 19:47:33,545 - INFO -   timestamp_present: True
2025-06-06 19:47:33,545 - INFO -   accuracy_present: True
2025-06-06 19:47:33,545 - INFO -   loss_present: True
2025-06-06 19:47:33,545 - INFO - 
hash_verification:
2025-06-06 19:47:33,545 - INFO -   data_hash_match: True
2025-06-06 19:47:33,545 - INFO -   model_hash_match: False
2025-06-06 19:47:33,545 - INFO -   training_hash_match: True
2025-06-06 19:47:33,545 - INFO -   privacy_hash_match: False
2025-06-06 19:47:33,545 - INFO - 
Overall verification status: FAILURE
2025-06-06 19:47:33,545 - INFO - Verification report saved to: artifacts/provenance/20250606_194624/verification.json
2025-06-06 19:47:33,546 - INFO - Starting verification report generation...
2025-06-06 19:47:33,627 - INFO - Loaded provenance data version: 20250606_194624
2025-06-06 19:47:33,877 - WARNING - Missing statistics in data provenance
2025-06-06 19:47:33,877 - INFO - Generating hash for data
2025-06-06 19:47:33,878 - INFO - Generated hash for None: 2460028203ad1bee65643e770efb2efb34808f240bb9fbb3e2f017e24819d0f0
2025-06-06 19:47:33,878 - INFO - Verifying component hashes...
2025-06-06 19:47:33,878 - INFO - [VERIFIER] data_info to be hashed: {'dataset': 'MNIST', 'timestamp': '20250606_194624', 'train': {'samples': 60000, 'mean': 0.13066062331199646, 'std': 0.30810776352882385, 'hash': 'ae83d4ae4417cc67a45d3c701cceb71163c4c1f73f53ea4131a1c06be9c44983', 'metadata': {'statistics': {'min': 0.0, 'max': 1.0, 'shape': [60000, 28, 28], 'dtype': 'float32'}}}, 'test': {'samples': 10000, 'hash': 'c57156d064a50cccb326ac0e96db6334bb28fc155945929d2f6057ceb880c5df', 'metadata': {'statistics': {'mean': 0.13251467049121857, 'std': 0.3104802668094635, 'min': 0.0, 'max': 1.0, 'shape': [10000, 28, 28], 'dtype': 'float32'}}}}
2025-06-06 19:47:33,878 - INFO - Generating hash for data
2025-06-06 19:47:33,878 - INFO - Generated hash for data: adb3721d7b80cc2b36bbfc34db715a37f81bc12d64c2d655860b08302549f339
2025-06-06 19:47:33,878 - INFO - [VERIFIER] data hash: adb3721d7b80cc2b36bbfc34db715a37f81bc12d64c2d655860b08302549f339
2025-06-06 19:47:33,879 - INFO - Generating hash for model
2025-06-06 19:47:33,981 - INFO - Generated hash for model: d40dba1424b9cc373de1c767713e12db329a78a9c658de22cdaa7f14d4cbe9f0
2025-06-06 19:47:33,981 - INFO - Generating hash for training
2025-06-06 19:47:34,515 - INFO - Generated hash for training: 42cf2adfd7f1b40d35228c68943177f8bebe4167c55dd2e5d9b80271050527b7
2025-06-06 19:47:34,516 - INFO - Generating hash for privacy
2025-06-06 19:47:34,516 - INFO - Generated hash for privacy: b56717edfeb3b99705c0de39de232d908b1d18793219b4b9ab6337186d97b2d8
2025-06-06 19:47:34,516 - INFO - 
Determining overall verification status...
2025-06-06 19:47:34,516 - INFO - 
data_verification:
2025-06-06 19:47:34,516 - INFO -   has_train_data: True
2025-06-06 19:47:34,516 - INFO -   has_test_data: True
2025-06-06 19:47:34,516 - INFO -   has_timestamp: True
2025-06-06 19:47:34,516 - INFO -   hash_match: False
2025-06-06 19:47:34,516 - INFO -   statistics_verified: False
2025-06-06 19:47:34,516 - INFO -   merkle_verified: False
2025-06-06 19:47:34,516 - INFO -   metadata_verified: False
2025-06-06 19:47:34,516 - INFO -   merkle_tree: None
2025-06-06 19:47:34,516 - INFO - 
model_verification:
2025-06-06 19:47:34,516 - INFO -   model_exists: True
2025-06-06 19:47:34,516 - INFO -   model_hash_match: True
2025-06-06 19:47:34,516 - INFO -   model_merkle_verified: False
2025-06-06 19:47:34,516 - INFO - 
training_verification:
2025-06-06 19:47:34,516 - INFO -   final_metrics_present: True
2025-06-06 19:47:34,516 - INFO -   training_logs_present: True
2025-06-06 19:47:34,516 - INFO -   privacy_metrics_present: True
2025-06-06 19:47:34,516 - INFO -   hash_present: False
2025-06-06 19:47:34,516 - INFO -   timestamp_present: True
2025-06-06 19:47:34,516 - INFO -   accuracy_present: True
2025-06-06 19:47:34,516 - INFO -   loss_present: True
2025-06-06 19:47:34,516 - INFO - 
hash_verification:
2025-06-06 19:47:34,516 - INFO -   data_hash_match: True
2025-06-06 19:47:34,516 - INFO -   model_hash_match: False
2025-06-06 19:47:34,516 - INFO -   training_hash_match: True
2025-06-06 19:47:34,516 - INFO -   privacy_hash_match: False
2025-06-06 19:47:34,516 - INFO - 
Overall verification status: FAILURE
2025-06-06 19:47:34,516 - INFO - Verification report saved to: artifacts/provenance/20250606_194624/verification.json
