2025-06-06 22:16:58,845 - INFO - Starting verification report generation...
2025-06-06 22:16:59,013 - INFO - Loaded provenance data version: 20250606_221601
2025-06-06 22:16:59,516 - WARNING - Missing statistics in data provenance
2025-06-06 22:16:59,516 - INFO - Generating hash for data
2025-06-06 22:16:59,516 - INFO - Generated hash for None: d932dcef80edcbb59a79e73f1934f8c176552fb37d1bbcdc84997cd63542a8ff
2025-06-06 22:16:59,516 - INFO - Verifying component hashes...
2025-06-06 22:16:59,516 - INFO - [VERIFIER] data_info to be hashed: {'dataset': 'MNIST', 'timestamp': '20250606_221601', 'train': {'samples': 60000, 'mean': 0.13066062331199646, 'std': 0.30810776352882385, 'hash': '88105458fbeac8a2687f76019d456c284531fcc83fe674f855b44298c2720b08', 'metadata': {'statistics': {'mean': 0.13066062331199646, 'std': 0.30810776352882385, 'min': 0.0, 'max': 1.0, 'shape': [60000, 28, 28], 'dtype': 'float32'}}}, 'test': {'samples': 10000, 'hash': 'e09cf9414aeaa6cfd4aa68fb9f2be67ed11b32f490bcbc684024609313f3cdf4', 'metadata': {'statistics': {'mean': 0.13251467049121857, 'std': 0.3104802668094635, 'min': 0.0, 'max': 1.0, 'shape': [10000, 28, 28], 'dtype': 'float32'}}}}
2025-06-06 22:16:59,516 - INFO - Generating hash for data
2025-06-06 22:16:59,516 - INFO - Generated hash for data: a77a28e970f54a569523169784e47d7691d53b6f5a8b86fa9d1b40cf1e3e8bce
2025-06-06 22:16:59,516 - INFO - [VERIFIER] data hash: a77a28e970f54a569523169784e47d7691d53b6f5a8b86fa9d1b40cf1e3e8bce
2025-06-06 22:16:59,520 - INFO - Generating hash for model
2025-06-06 22:16:59,620 - INFO - Generated hash for model: ade6677a04370777fa47ae44caef290296c0895b62def00a06dccdc069faf8d6
2025-06-06 22:16:59,622 - INFO - Generating hash for training
2025-06-06 22:17:00,712 - INFO - Generated hash for training: 0aba52c0d9b2b184640de65910778ef7f49e79396cb3dadf22e0ac4a18df1a98
2025-06-06 22:17:00,713 - INFO - Generating hash for privacy
2025-06-06 22:17:00,713 - INFO - Generated hash for privacy: abe08b09bd80db39504e56b35162938f6650b0075158fa013079792a36bf643b
2025-06-06 22:17:00,713 - INFO - 
Determining overall verification status...
2025-06-06 22:17:00,713 - INFO - 
data_verification:
2025-06-06 22:17:00,713 - INFO -   has_train_data: True
2025-06-06 22:17:00,713 - INFO -   has_test_data: True
2025-06-06 22:17:00,713 - INFO -   has_timestamp: True
2025-06-06 22:17:00,713 - INFO -   hash_match: False
2025-06-06 22:17:00,713 - INFO -   statistics_verified: False
2025-06-06 22:17:00,713 - INFO -   merkle_verified: False
2025-06-06 22:17:00,713 - INFO -   metadata_verified: False
2025-06-06 22:17:00,713 - INFO -   merkle_tree: None
2025-06-06 22:17:00,713 - INFO - 
model_verification:
2025-06-06 22:17:00,713 - INFO -   model_exists: True
2025-06-06 22:17:00,713 - INFO -   model_hash_match: False
2025-06-06 22:17:00,713 - INFO -   model_merkle_verified: False
2025-06-06 22:17:00,713 - INFO - 
training_verification:
2025-06-06 22:17:00,713 - INFO -   final_metrics_present: True
2025-06-06 22:17:00,713 - INFO -   training_logs_present: True
2025-06-06 22:17:00,713 - INFO -   privacy_metrics_present: True
2025-06-06 22:17:00,713 - INFO -   hash_present: False
2025-06-06 22:17:00,713 - INFO -   timestamp_present: True
2025-06-06 22:17:00,713 - INFO -   accuracy_present: True
2025-06-06 22:17:00,713 - INFO -   loss_present: True
2025-06-06 22:17:00,713 - INFO - 
hash_verification:
2025-06-06 22:17:00,713 - INFO -   data_hash_match: True
2025-06-06 22:17:00,713 - INFO -   model_hash_match: False
2025-06-06 22:17:00,713 - INFO -   training_hash_match: True
2025-06-06 22:17:00,713 - INFO -   privacy_hash_match: True
2025-06-06 22:17:00,713 - INFO - 
Overall verification status: FAILURE
2025-06-06 22:17:00,713 - INFO - Verification report saved to: artifacts/provenance/20250606_221601/verification.json
2025-06-06 22:17:00,714 - INFO - Starting verification report generation...
2025-06-06 22:17:00,880 - INFO - Loaded provenance data version: 20250606_221601
2025-06-06 22:17:01,380 - WARNING - Missing statistics in data provenance
2025-06-06 22:17:01,380 - INFO - Generating hash for data
2025-06-06 22:17:01,380 - INFO - Generated hash for None: d932dcef80edcbb59a79e73f1934f8c176552fb37d1bbcdc84997cd63542a8ff
2025-06-06 22:17:01,380 - INFO - Verifying component hashes...
2025-06-06 22:17:01,380 - INFO - [VERIFIER] data_info to be hashed: {'dataset': 'MNIST', 'timestamp': '20250606_221601', 'train': {'samples': 60000, 'mean': 0.13066062331199646, 'std': 0.30810776352882385, 'hash': '88105458fbeac8a2687f76019d456c284531fcc83fe674f855b44298c2720b08', 'metadata': {'statistics': {'mean': 0.13066062331199646, 'std': 0.30810776352882385, 'min': 0.0, 'max': 1.0, 'shape': [60000, 28, 28], 'dtype': 'float32'}}}, 'test': {'samples': 10000, 'hash': 'e09cf9414aeaa6cfd4aa68fb9f2be67ed11b32f490bcbc684024609313f3cdf4', 'metadata': {'statistics': {'mean': 0.13251467049121857, 'std': 0.3104802668094635, 'min': 0.0, 'max': 1.0, 'shape': [10000, 28, 28], 'dtype': 'float32'}}}}
2025-06-06 22:17:01,380 - INFO - Generating hash for data
2025-06-06 22:17:01,380 - INFO - Generated hash for data: a77a28e970f54a569523169784e47d7691d53b6f5a8b86fa9d1b40cf1e3e8bce
2025-06-06 22:17:01,380 - INFO - [VERIFIER] data hash: a77a28e970f54a569523169784e47d7691d53b6f5a8b86fa9d1b40cf1e3e8bce
2025-06-06 22:17:01,382 - INFO - Generating hash for model
2025-06-06 22:17:01,482 - INFO - Generated hash for model: ade6677a04370777fa47ae44caef290296c0895b62def00a06dccdc069faf8d6
2025-06-06 22:17:01,483 - INFO - Generating hash for training
2025-06-06 22:17:02,597 - INFO - Generated hash for training: 0aba52c0d9b2b184640de65910778ef7f49e79396cb3dadf22e0ac4a18df1a98
2025-06-06 22:17:02,597 - INFO - Generating hash for privacy
2025-06-06 22:17:02,597 - INFO - Generated hash for privacy: abe08b09bd80db39504e56b35162938f6650b0075158fa013079792a36bf643b
2025-06-06 22:17:02,597 - INFO - 
Determining overall verification status...
2025-06-06 22:17:02,597 - INFO - 
data_verification:
2025-06-06 22:17:02,597 - INFO -   has_train_data: True
2025-06-06 22:17:02,597 - INFO -   has_test_data: True
2025-06-06 22:17:02,597 - INFO -   has_timestamp: True
2025-06-06 22:17:02,597 - INFO -   hash_match: False
2025-06-06 22:17:02,597 - INFO -   statistics_verified: False
2025-06-06 22:17:02,597 - INFO -   merkle_verified: False
2025-06-06 22:17:02,597 - INFO -   metadata_verified: False
2025-06-06 22:17:02,597 - INFO -   merkle_tree: None
2025-06-06 22:17:02,597 - INFO - 
model_verification:
2025-06-06 22:17:02,597 - INFO -   model_exists: True
2025-06-06 22:17:02,597 - INFO -   model_hash_match: False
2025-06-06 22:17:02,597 - INFO -   model_merkle_verified: False
2025-06-06 22:17:02,597 - INFO - 
training_verification:
2025-06-06 22:17:02,597 - INFO -   final_metrics_present: True
2025-06-06 22:17:02,597 - INFO -   training_logs_present: True
2025-06-06 22:17:02,597 - INFO -   privacy_metrics_present: True
2025-06-06 22:17:02,597 - INFO -   hash_present: False
2025-06-06 22:17:02,597 - INFO -   timestamp_present: True
2025-06-06 22:17:02,597 - INFO -   accuracy_present: True
2025-06-06 22:17:02,597 - INFO -   loss_present: True
2025-06-06 22:17:02,597 - INFO - 
hash_verification:
2025-06-06 22:17:02,598 - INFO -   data_hash_match: True
2025-06-06 22:17:02,598 - INFO -   model_hash_match: False
2025-06-06 22:17:02,598 - INFO -   training_hash_match: True
2025-06-06 22:17:02,598 - INFO -   privacy_hash_match: True
2025-06-06 22:17:02,598 - INFO - 
Overall verification status: FAILURE
2025-06-06 22:17:02,598 - INFO - Verification report saved to: artifacts/provenance/20250606_221601/verification.json
